// Jest Snapshot v1, https://goo.gl/fbAQLP

exports[`<BaseTemplate /> should render base elements 1`] = `
.c16 {
  font-size: calc(1.6rem + 0.2rem);
  line-height: 1.5;
}

.c16 p {
  margin: 2.4rem 0;
}

.c16 a,
.c16 a:visited,
.c16 a:link {
  color: #dc143c;
  -webkit-text-decoration: none;
  text-decoration: none;
  -webkit-transition: all 300ms ease-in-out;
  transition: all 300ms ease-in-out;
}

.c16 a:hover {
  -webkit-filter: brightness(50%);
  filter: brightness(50%);
}

.c16 code {
  font-family: monospace;
  color: #dc143c;
  font-size: 1.6rem;
  background: #DDDDDD;
  padding: 0.2rem;
  margin: 0.2rem;
}

.c16 pre {
  background: #000000;
  padding: 2.4rem;
  font-family: monospace;
  color: #FFFFFF;
  margin: 2.4rem 0;
  width: 100%;
  overflow-x: auto;
  font-size: 1.6rem;
}

.c16 pre code {
  color: inherit;
  background: inherit;
}

.c16 img {
  max-width: 100%;
}

.c16 .image {
  background: #DDDDDD;
  line-height: 0;
  margin: 2.4rem 0;
}

.c16 .image figcaption {
  font-size: 1.6rem;
  padding: 1.6rem;
  text-align: center;
  line-height: 1.3;
}

.c16 .image-style-side {
  max-width: 50%;
  float: right;
  margin: 2.4rem 0;
}

.c16 hr {
  border: none;
  border-bottom: 0.1rem solid #DDDDDD;
}

.c16 ul,
.c16 ol {
  margin: 2.4rem 4.0rem;
}

.c16 .table {
  width: 100%;
  overflow: hidden;
  overflow-x: auto;
}

.c16 table {
  width: 100%;
  border-collapse: collapse;
  margin: 2.4rem 0;
}

.c16 table td,
.c16 table th {
  padding: 1.6rem;
  border: 0.1rem solid #DDDDDD;
}

.c16 blockquote {
  border-left: 0.5rem solid #dc143c;
  color: #AAAAAA;
  -webkit-filter: brightness(80%);
  filter: brightness(80%);
  padding-left: 2.4rem;
  font-style: italic;
  margin: 2.4rem;
}

.c15 {
  text-align: center;
  border-top: 0.1rem solid #DDDDDD;
}

.c15 a {
  color: inherit;
  -webkit-text-decoration: none;
  text-decoration: none;
}

.c17 {
  position: fixed;
  background: #000000;
  color: #FFFFFF;
  display: -webkit-box;
  display: -webkit-flex;
  display: -ms-flexbox;
  display: flex;
  -webkit-align-items: center;
  -webkit-box-align: center;
  -ms-flex-align: center;
  align-items: center;
  -webkit-box-pack: center;
  -webkit-justify-content: center;
  -ms-flex-pack: center;
  justify-content: center;
  width: 4rem;
  height: 4rem;
  bottom: 2rem;
  right: 2rem;
  z-index: 6;
}

.c1 {
  display: inline-block;
  vertical-align: middle;
  overflow: hidden;
}

.c6 {
  color: #000000;
  line-height: 1.2;
  font-size: 2.4rem;
  text-transform: uppercase;
}

.c12 {
  color: #000000;
  line-height: 1.2;
  font-size: 2.4rem;
  text-transform: none;
}

.c7 {
  display: -webkit-box;
  display: -webkit-flex;
  display: -ms-flexbox;
  display: flex;
  -webkit-align-items: center;
  -webkit-box-align: center;
  -ms-flex-align: center;
  align-items: center;
  -webkit-text-decoration: none;
  text-decoration: none;
  color: inherit;
}

.c7 > img {
  width: 15rem;
  height: 15rem;
  border-radius: 50%;
}

.c10 {
  display: -webkit-box;
  display: -webkit-flex;
  display: -ms-flexbox;
  display: flex;
  -webkit-align-items: center;
  -webkit-box-align: center;
  -ms-flex-align: center;
  align-items: center;
  -webkit-box-pack: center;
  -webkit-justify-content: center;
  -ms-flex-pack: center;
  justify-content: center;
  padding-bottom: 6.4rem;
  width: 100%;
  max-width: 96rem;
  color: #333333;
  font-size: 1.6rem;
  margin: 0 auto;
}

.c10 .c5 {
  margin: 0 0 calc(1.6rem - 1rem);
}

.c11 {
  display: -webkit-box;
  display: -webkit-flex;
  display: -ms-flexbox;
  display: flex;
  -webkit-flex-flow: column wrap;
  -ms-flex-flow: column wrap;
  flex-flow: column wrap;
  margin-left: 3.2rem;
  max-width: 48rem;
}

.c8 {
  display: block;
  color: #FFFFFF;
  -webkit-text-decoration: none;
  text-decoration: none;
  margin-bottom: 1.6rem;
  font-size: 1.8rem;
  border-right: 0.5rem solid #000000;
  -webkit-transition: all 300ms ease-in-out;
  transition: all 300ms ease-in-out;
}

.c8:hover {
  border-right: 0.5rem solid #dc143c;
  color: #dc143c;
}

.c2 {
  background: #000000;
  padding: 3.2rem;
  display: -webkit-box;
  display: -webkit-flex;
  display: -ms-flexbox;
  display: flex;
  position: fixed;
  z-index: 1;
  width: 100%;
  max-width: 32rem;
  height: 100vh;
  top: 0;
  left: 0;
  -webkit-transition: all 300ms ease-in-out;
  transition: all 300ms ease-in-out;
  overflow-y: auto;
  left: -30rem;
  overflow-y: hidden;
}

.c3 {
  margin: auto;
  width: 100%;
}

.c4 .c5 {
  display: -webkit-box;
  display: -webkit-flex;
  display: -ms-flexbox;
  display: flex;
  -webkit-box-pack: center;
  -webkit-justify-content: center;
  -ms-flex-pack: center;
  justify-content: center;
  margin: 0;
  margin-bottom: 4.8rem;
}

.c4 .c5 img {
  border: 0.5rem solid #dc143c;
}

.c0 {
  position: fixed;
  top: 2.4rem;
  color: #FFFFFF;
  background: #000000;
  z-index: 2;
  width: 3rem;
  height: 3rem;
  left: 26rem;
  -webkit-transition: all 300ms ease-in-out;
  transition: all 300ms ease-in-out;
  left: 1rem;
  color: #FFFFFF;
}

.c9 {
  margin-top: 6.4rem;
  padding: 0 3.2rem;
}

.c13 {
  max-width: 120rem;
  width: 100%;
  margin: 0 auto;
  margin-bottom: 6.4rem;
}

.c14 {
  max-width: 120rem;
  width: 100%;
  margin: 0 auto;
  padding: 3.2rem;
}

@media (max-width:768px) {
  .c16 {
    font-size: 2rem;
  }

  .c16 .image-style-side {
    max-width: 100%;
    float: none;
    margin: 0;
  }
}

@media (max-width:360px) {
  .c10 {
    display: -webkit-box;
    display: -webkit-flex;
    display: -ms-flexbox;
    display: flex;
    -webkit-flex-flow: column wrap;
    -ms-flex-flow: column wrap;
    flex-flow: column wrap;
  }

  .c10 > .c5 {
    margin: 0 0 2.4rem 0;
  }
}

@media (max-width:360px) {
  .c11 {
    margin-left: 0;
  }
}

@media (max-width:768px) {
  .c2 {
    left: -32rem;
  }
}

@media (max-width:768px) {
  .c0 {
    left: -0.5rem;
  }
}

<div>
  <div
    class=""
  >
    <a
      aria-label="Open or close menu"
      class="c0"
      href="#"
      title="Open or close menu"
    >
      <svg
        aria-hidden="true"
        aria-label="Open menu"
        class="c1"
        fill="currentColor"
        focusable="false"
        viewBox="0 0 24 24"
        xmlns="http://www.w3.org/2000/svg"
      >
        <path
          d="M0 0h24v24H0V0z"
          fill="none"
        />
        <path
          d="M3 18h18v-2H3v2zm0-5h18v-2H3v2zm0-7v2h18V6H3z"
        />
      </svg>
    </a>
    <div
      aria-hidden="true"
      class="c2"
    >
      <nav
        class="c3"
      >
        <div
          class="c4"
        >
          <h1
            class="c5 c6"
          >
            <a
              class="c7"
              href="/"
              target="_self"
            >
              <img
                alt="Otávio Miranda"
                src="https://res.cloudinary.com/dlizakp2a/image/upload/v1614698965/Ubuntu_gel_by_Midge_Mantissa_Sinnaeve_7caea7ddb4.jpg"
              />
            </a>
          </h1>
        </div>
        <a
          class="c8"
          href="#target"
          target="_self"
        >
          O texto
        </a>
        <a
          class="c8"
          href="#link2"
          target="_blank"
        >
          o LINK 2
        </a>
      </nav>
    </div>
    <div
      class="c9"
    >
      <header
        class="c10"
      >
        <h1
          class="c5 c6"
        >
          <a
            class="c7"
            href="/"
            target="_self"
          >
            <img
              alt="Otávio Miranda - Uma descrição para o seu blog."
              src="https://res.cloudinary.com/dlizakp2a/image/upload/v1614698965/Ubuntu_gel_by_Midge_Mantissa_Sinnaeve_7caea7ddb4.jpg"
            />
          </a>
        </h1>
        <div
          class="c11"
        >
          <h2
            class="c5 c12"
          >
            Otávio Miranda
          </h2>
          <p>
            Uma descrição para o seu blog.
          </p>
        </div>
      </header>
    </div>
    <div
      class="c13"
    >
      Olá mundo
    </div>
    <div
      class="c14"
    >
      <footer
        class="c15"
      >
        <div
          class="c16"
        >
          <p>
            O texto da footer
          </p>
        </div>
      </footer>
    </div>
    <a
      aria-label="Go to top"
      class="c17"
      href="#"
      title="Go to top"
    >
      <svg
        aria-hidden="true"
        class="c1"
        fill="currentColor"
        focusable="false"
        viewBox="0 0 24 24"
        xmlns="http://www.w3.org/2000/svg"
      >
        <path
          d="M0 0h24v24H0V0z"
          fill="none"
        />
        <path
          d="M7.41 15.41L12 10.83l4.59 4.58L18 14l-6-6-6 6 1.41 1.41z"
        />
      </svg>
    </a>
  </div>
</div>
`;
